<!DOCTYPE html>
<html lang="en" data-a="http://www.w3.org/1999/xhtml" data-b="http://opengraphprotocol.org/schema/"><head>
<title>1 + 2 = 3</title>
<meta http-equiv="Content-Type" content="text/html; charset=utf-8">
<style type="text/css">
/**/
body { background-image: url("CDATA-in-block-comment.png?width=300&height=300") }
/**/
</style>
<link rel="stylesheet" type="text/css" href="styles/a.css?123">
<!--[if lt IE 8]><link rel="stylesheet" type="text/css" href="styles/ie.css?123"><![endif]-->
<script>
document.write('<p>ETAGO delimiter</p><script>console.log("A")<\/script><script>console.log("B")<\/script>')
</script>
<script type="text/javascript" async src="http://www.google-analytics.com/ga.js"></script>
<script type="text/javascript">
//
document.write("< CDATA with line comment");
if (a > 12) throw "a <\!---->not <\!-- --> 12"
//
</script>
<script type="module" src="main.js"></script> <script nomodule src="fallback.js"></script>
<style type="text/css">.class{position:absolute;}</style></head>
<body onload="
	console.log('&quot;code&quot;');
" class="reset page"><!-- table -->
    <ul class="gr" style="background-image:url('https://1.1.1.1:80/i.png');height:365px">
            <li class="home"><span title="&&lt;>'&quot;">&&lt;>'"</span><img src="home.gif" alt="Home"></li>
    </ul>
        <div id="header" class="tpl-header"><!--My favorite operators are > and <!-->
	<iframe style="display:none" tabindex="-1"></iframe>
	</div>
</body>
</html>

