<!DOCTYPE HTML PUBLIC "-//W3C//DTD HTML 4.01//EN" "http://www.w3.org/TR/html4/strict.dtd">
<html xmlns="http://www.w3.org/1999/xhtml" xmlns:og="http://opengraphprotocol.org/schema/"><head>
<title>1 + 2 = 3</title>
<meta http-equiv="Content-Type" content="text/html; charset=utf-8">
<style type="text/css">
/*<![CDATA[*/
body { background-image: url("marble.png?width=300&height=300") }
/*]]>*/
</style>
<link rel="stylesheet" type="text/css" href="styles/a.css?123">
<!--[if lt IE 8]><link rel="stylesheet" type="text/css" href="styles/ie.css?123"><![endif]-->
<script type="text/javascript" async src="http://www.google-analytics.com/ga.js"></script>
<script type="text/javascript">
//<![CDATA[
document.write("<");
//]]>
</script>
<style type="text/css">.class{position:absolute;}</style></head>
<body onload="alert('&quot;code&quot;');" class="reset page">
    <ul class="gr">
            <li class="home"><img src="home.gif" alt="Home"></li>
    </ul>
        <div id="header" class="tpl-header"><!--My favorite operators are > and <!-->
	<table cellpadding="0" cellspacing="0" border="0"><!-- table -->
		<tbody><tr>
				<td>A</td>
				<td>B</td>
		</tr></tbody>
	</table>
	</div>
</body>
</html>

